Analysis & Synthesis report for pipe_reg2
Sat May 06 21:21:46 2023
Quartus Prime Version 20.1.1 Build 720 11/11/2020 SJ Lite Edition


---------------------
; Table of Contents ;
---------------------
  1. Legal Notice
  2. Analysis & Synthesis Summary
  3. Analysis & Synthesis Settings
  4. Parallel Compilation
  5. Analysis & Synthesis Source Files Read
  6. Analysis & Synthesis Resource Usage Summary
  7. Analysis & Synthesis Resource Utilization by Entity
  8. User-Specified and Inferred Latches
  9. Registers Removed During Synthesis
 10. General Register Statistics
 11. Multiplexer Restructuring Statistics (Restructuring Performed)
 12. Post-Synthesis Netlist Statistics for Top Partition
 13. Elapsed Time Per Partition
 14. Analysis & Synthesis Messages



----------------
; Legal Notice ;
----------------
Copyright (C) 2020  Intel Corporation. All rights reserved.
Your use of Intel Corporation's design tools, logic functions 
and other software and tools, and any partner logic 
functions, and any output files from any of the foregoing 
(including device programming or simulation files), and any 
associated documentation or information are expressly subject 
to the terms and conditions of the Intel Program License 
Subscription Agreement, the Intel Quartus Prime License Agreement,
the Intel FPGA IP License Agreement, or other applicable license
agreement, including, without limitation, that your use is for
the sole purpose of programming logic devices manufactured by
Intel and sold by Intel or its authorized distributors.  Please
refer to the applicable agreement for further details, at
https://fpgasoftware.intel.com/eula.



+----------------------------------------------------------------------------------+
; Analysis & Synthesis Summary                                                     ;
+------------------------------------+---------------------------------------------+
; Analysis & Synthesis Status        ; Successful - Sat May 06 21:21:46 2023       ;
; Quartus Prime Version              ; 20.1.1 Build 720 11/11/2020 SJ Lite Edition ;
; Revision Name                      ; pipe_reg2                                   ;
; Top-level Entity Name              ; pipe_reg2                                   ;
; Family                             ; MAX 10                                      ;
; Total logic elements               ; 70                                          ;
;     Total combinational functions  ; 70                                          ;
;     Dedicated logic registers      ; 67                                          ;
; Total registers                    ; 67                                          ;
; Total pins                         ; 129                                         ;
; Total virtual pins                 ; 0                                           ;
; Total memory bits                  ; 0                                           ;
; Embedded Multiplier 9-bit elements ; 0                                           ;
; Total PLLs                         ; 0                                           ;
; UFM blocks                         ; 0                                           ;
; ADC blocks                         ; 0                                           ;
+------------------------------------+---------------------------------------------+


+------------------------------------------------------------------------------------------------------------+
; Analysis & Synthesis Settings                                                                              ;
+------------------------------------------------------------------+--------------------+--------------------+
; Option                                                           ; Setting            ; Default Value      ;
+------------------------------------------------------------------+--------------------+--------------------+
; Device                                                           ; 10M25SAE144C8G     ;                    ;
; Top-level entity name                                            ; pipe_reg2          ; pipe_reg2          ;
; Family name                                                      ; MAX 10             ; Cyclone V          ;
; Use smart compilation                                            ; Off                ; Off                ;
; Enable parallel Assembler and Timing Analyzer during compilation ; On                 ; On                 ;
; Enable compact report table                                      ; Off                ; Off                ;
; Restructure Multiplexers                                         ; Auto               ; Auto               ;
; Create Debugging Nodes for IP Cores                              ; Off                ; Off                ;
; Preserve fewer node names                                        ; On                 ; On                 ;
; Intel FPGA IP Evaluation Mode                                    ; Enable             ; Enable             ;
; Verilog Version                                                  ; Verilog_2001       ; Verilog_2001       ;
; VHDL Version                                                     ; VHDL_1993          ; VHDL_1993          ;
; State Machine Processing                                         ; Auto               ; Auto               ;
; Safe State Machine                                               ; Off                ; Off                ;
; Extract Verilog State Machines                                   ; On                 ; On                 ;
; Extract VHDL State Machines                                      ; On                 ; On                 ;
; Ignore Verilog initial constructs                                ; Off                ; Off                ;
; Iteration limit for constant Verilog loops                       ; 5000               ; 5000               ;
; Iteration limit for non-constant Verilog loops                   ; 250                ; 250                ;
; Add Pass-Through Logic to Inferred RAMs                          ; On                 ; On                 ;
; Infer RAMs from Raw Logic                                        ; On                 ; On                 ;
; Parallel Synthesis                                               ; On                 ; On                 ;
; DSP Block Balancing                                              ; Auto               ; Auto               ;
; NOT Gate Push-Back                                               ; On                 ; On                 ;
; Power-Up Don't Care                                              ; On                 ; On                 ;
; Remove Redundant Logic Cells                                     ; Off                ; Off                ;
; Remove Duplicate Registers                                       ; On                 ; On                 ;
; Ignore CARRY Buffers                                             ; Off                ; Off                ;
; Ignore CASCADE Buffers                                           ; Off                ; Off                ;
; Ignore GLOBAL Buffers                                            ; Off                ; Off                ;
; Ignore ROW GLOBAL Buffers                                        ; Off                ; Off                ;
; Ignore LCELL Buffers                                             ; Off                ; Off                ;
; Ignore SOFT Buffers                                              ; On                 ; On                 ;
; Limit AHDL Integers to 32 Bits                                   ; Off                ; Off                ;
; Optimization Technique                                           ; Balanced           ; Balanced           ;
; Carry Chain Length                                               ; 70                 ; 70                 ;
; Auto Carry Chains                                                ; On                 ; On                 ;
; Auto Open-Drain Pins                                             ; On                 ; On                 ;
; Perform WYSIWYG Primitive Resynthesis                            ; Off                ; Off                ;
; Auto ROM Replacement                                             ; On                 ; On                 ;
; Auto RAM Replacement                                             ; On                 ; On                 ;
; Auto DSP Block Replacement                                       ; On                 ; On                 ;
; Auto Shift Register Replacement                                  ; Auto               ; Auto               ;
; Allow Shift Register Merging across Hierarchies                  ; Auto               ; Auto               ;
; Auto Clock Enable Replacement                                    ; On                 ; On                 ;
; Strict RAM Replacement                                           ; Off                ; Off                ;
; Allow Synchronous Control Signals                                ; On                 ; On                 ;
; Force Use of Synchronous Clear Signals                           ; Off                ; Off                ;
; Auto RAM Block Balancing                                         ; On                 ; On                 ;
; Auto RAM to Logic Cell Conversion                                ; Off                ; Off                ;
; Auto Resource Sharing                                            ; Off                ; Off                ;
; Allow Any RAM Size For Recognition                               ; Off                ; Off                ;
; Allow Any ROM Size For Recognition                               ; Off                ; Off                ;
; Allow Any Shift Register Size For Recognition                    ; Off                ; Off                ;
; Use LogicLock Constraints during Resource Balancing              ; On                 ; On                 ;
; Ignore translate_off and synthesis_off directives                ; Off                ; Off                ;
; Timing-Driven Synthesis                                          ; On                 ; On                 ;
; Report Parameter Settings                                        ; On                 ; On                 ;
; Report Source Assignments                                        ; On                 ; On                 ;
; Report Connectivity Checks                                       ; On                 ; On                 ;
; Ignore Maximum Fan-Out Assignments                               ; Off                ; Off                ;
; Synchronization Register Chain Length                            ; 2                  ; 2                  ;
; Power Optimization During Synthesis                              ; Normal compilation ; Normal compilation ;
; HDL message level                                                ; Level2             ; Level2             ;
; Suppress Register Optimization Related Messages                  ; Off                ; Off                ;
; Number of Removed Registers Reported in Synthesis Report         ; 5000               ; 5000               ;
; Number of Swept Nodes Reported in Synthesis Report               ; 5000               ; 5000               ;
; Number of Inverted Registers Reported in Synthesis Report        ; 100                ; 100                ;
; Clock MUX Protection                                             ; On                 ; On                 ;
; Auto Gated Clock Conversion                                      ; Off                ; Off                ;
; Block Design Naming                                              ; Auto               ; Auto               ;
; SDC constraint protection                                        ; Off                ; Off                ;
; Synthesis Effort                                                 ; Auto               ; Auto               ;
; Shift Register Replacement - Allow Asynchronous Clear Signal     ; On                 ; On                 ;
; Pre-Mapping Resynthesis Optimization                             ; Off                ; Off                ;
; Analysis & Synthesis Message Level                               ; Medium             ; Medium             ;
; Disable Register Merging Across Hierarchies                      ; Auto               ; Auto               ;
; Resource Aware Inference For Block RAM                           ; On                 ; On                 ;
+------------------------------------------------------------------+--------------------+--------------------+


+------------------------------------------+
; Parallel Compilation                     ;
+----------------------------+-------------+
; Processors                 ; Number      ;
+----------------------------+-------------+
; Number detected on machine ; 8           ;
; Maximum allowed            ; 4           ;
;                            ;             ;
; Average used               ; 1.00        ;
; Maximum used               ; 4           ;
;                            ;             ;
; Usage by Processor         ; % Time Used ;
;     Processor 1            ; 100.0%      ;
;     Processors 2-4         ;   0.0%      ;
+----------------------------+-------------+


+---------------------------------------------------------------------------------------------------------------------------------------------------------------------+
; Analysis & Synthesis Source Files Read                                                                                                                              ;
+----------------------------------+-----------------+-----------------+------------------------------------------------------------------------------------+---------+
; File Name with User-Entered Path ; Used in Netlist ; File Type       ; File Name with Absolute Path                                                       ; Library ;
+----------------------------------+-----------------+-----------------+------------------------------------------------------------------------------------+---------+
; pipe_reg2.vhd                    ; yes             ; User VHDL File  ; D:/EE@IITB/Microprocessors/Project/Entities/Pipe_Registers/pipe_reg2/pipe_reg2.vhd ;         ;
+----------------------------------+-----------------+-----------------+------------------------------------------------------------------------------------+---------+


+---------------------------------------------------------+
; Analysis & Synthesis Resource Usage Summary             ;
+---------------------------------------------+-----------+
; Resource                                    ; Usage     ;
+---------------------------------------------+-----------+
; Estimated Total logic elements              ; 70        ;
;                                             ;           ;
; Total combinational functions               ; 70        ;
; Logic element usage by number of LUT inputs ;           ;
;     -- 4 input functions                    ; 10        ;
;     -- 3 input functions                    ; 58        ;
;     -- <=2 input functions                  ; 2         ;
;                                             ;           ;
; Logic elements by mode                      ;           ;
;     -- normal mode                          ; 70        ;
;     -- arithmetic mode                      ; 0         ;
;                                             ;           ;
; Total registers                             ; 67        ;
;     -- Dedicated logic registers            ; 67        ;
;     -- I/O registers                        ; 0         ;
;                                             ;           ;
; I/O pins                                    ; 129       ;
;                                             ;           ;
; Embedded Multiplier 9-bit elements          ; 0         ;
;                                             ;           ;
; Maximum fan-out node                        ; CLK~input ;
; Maximum fan-out                             ; 67        ;
; Total fan-out                               ; 559       ;
; Average fan-out                             ; 1.42      ;
+---------------------------------------------+-----------+


+------------------------------------------------------------------------------------------------------------------------------------------------------------------------------------------------------------------------------------+
; Analysis & Synthesis Resource Utilization by Entity                                                                                                                                                                                ;
+----------------------------+---------------------+---------------------------+-------------+------------+--------------+---------+-----------+------+--------------+------------+---------------------+-------------+--------------+
; Compilation Hierarchy Node ; Combinational ALUTs ; Dedicated Logic Registers ; Memory Bits ; UFM Blocks ; DSP Elements ; DSP 9x9 ; DSP 18x18 ; Pins ; Virtual Pins ; ADC blocks ; Full Hierarchy Name ; Entity Name ; Library Name ;
+----------------------------+---------------------+---------------------------+-------------+------------+--------------+---------+-----------+------+--------------+------------+---------------------+-------------+--------------+
; |pipe_reg2                 ; 70 (70)             ; 67 (67)                   ; 0           ; 0          ; 0            ; 0       ; 0         ; 129  ; 0            ; 0          ; |pipe_reg2          ; pipe_reg2   ; work         ;
+----------------------------+---------------------+---------------------------+-------------+------------+--------------+---------+-----------+------+--------------+------------+---------------------+-------------+--------------+
Note: For table entries with two numbers listed, the numbers in parentheses indicate the number of resources of the given type used by the specific entity alone. The numbers listed outside of parentheses indicate the total resources of the given type used by the specific entity and all of its sub-entities in the hierarchy.


+----------------------------------------------------------------------------------------------------+
; User-Specified and Inferred Latches                                                                ;
+-----------------------------------------------------+---------------------+------------------------+
; Latch Name                                          ; Latch Enable Signal ; Free of Timing Hazards ;
+-----------------------------------------------------+---------------------+------------------------+
; ID_out1[0]                                          ; pipe_reg2_enable    ; yes                    ;
; ID_out1[1]                                          ; pipe_reg2_enable    ; yes                    ;
; ID_out1[2]                                          ; pipe_reg2_enable    ; yes                    ;
; ID_out2[0]                                          ; pipe_reg2_enable    ; yes                    ;
; ID_out2[1]                                          ; pipe_reg2_enable    ; yes                    ;
; ID_out2[2]                                          ; pipe_reg2_enable    ; yes                    ;
; ID_out3[0]                                          ; pipe_reg2_enable    ; yes                    ;
; ID_out3[1]                                          ; pipe_reg2_enable    ; yes                    ;
; ID_out3[2]                                          ; pipe_reg2_enable    ; yes                    ;
; ID_out4[0]                                          ; pipe_reg2_enable    ; yes                    ;
; ID_out4[1]                                          ; pipe_reg2_enable    ; yes                    ;
; ID_out4[2]                                          ; pipe_reg2_enable    ; yes                    ;
; ID_out4[3]                                          ; pipe_reg2_enable    ; yes                    ;
; ID_out4[4]                                          ; pipe_reg2_enable    ; yes                    ;
; ID_out4[5]                                          ; pipe_reg2_enable    ; yes                    ;
; ID_out5[0]                                          ; pipe_reg2_enable    ; yes                    ;
; ID_out5[1]                                          ; pipe_reg2_enable    ; yes                    ;
; ID_out5[2]                                          ; pipe_reg2_enable    ; yes                    ;
; ID_out5[3]                                          ; pipe_reg2_enable    ; yes                    ;
; ID_out5[4]                                          ; pipe_reg2_enable    ; yes                    ;
; ID_out5[5]                                          ; pipe_reg2_enable    ; yes                    ;
; ID_out5[6]                                          ; pipe_reg2_enable    ; yes                    ;
; ID_out5[7]                                          ; pipe_reg2_enable    ; yes                    ;
; ID_out5[8]                                          ; pipe_reg2_enable    ; yes                    ;
; alu2_out[0]                                         ; pipe_reg2_enable    ; yes                    ;
; alu2_out[1]                                         ; pipe_reg2_enable    ; yes                    ;
; alu2_out[2]                                         ; pipe_reg2_enable    ; yes                    ;
; alu2_out[3]                                         ; pipe_reg2_enable    ; yes                    ;
; alu2_out[4]                                         ; pipe_reg2_enable    ; yes                    ;
; alu2_out[5]                                         ; pipe_reg2_enable    ; yes                    ;
; alu2_out[6]                                         ; pipe_reg2_enable    ; yes                    ;
; alu2_out[7]                                         ; pipe_reg2_enable    ; yes                    ;
; alu2_out[8]                                         ; pipe_reg2_enable    ; yes                    ;
; alu2_out[9]                                         ; pipe_reg2_enable    ; yes                    ;
; alu2_out[10]                                        ; pipe_reg2_enable    ; yes                    ;
; alu2_out[11]                                        ; pipe_reg2_enable    ; yes                    ;
; alu2_out[12]                                        ; pipe_reg2_enable    ; yes                    ;
; alu2_out[13]                                        ; pipe_reg2_enable    ; yes                    ;
; alu2_out[14]                                        ; pipe_reg2_enable    ; yes                    ;
; alu2_out[15]                                        ; pipe_reg2_enable    ; yes                    ;
; instr[0]                                            ; pipe_reg2_enable    ; yes                    ;
; instr[1]                                            ; pipe_reg2_enable    ; yes                    ;
; instr[2]                                            ; pipe_reg2_enable    ; yes                    ;
; instr[3]                                            ; pipe_reg2_enable    ; yes                    ;
; instr[4]                                            ; pipe_reg2_enable    ; yes                    ;
; instr[5]                                            ; pipe_reg2_enable    ; yes                    ;
; instr[6]                                            ; pipe_reg2_enable    ; yes                    ;
; instr[7]                                            ; pipe_reg2_enable    ; yes                    ;
; instr[8]                                            ; pipe_reg2_enable    ; yes                    ;
; instr[9]                                            ; pipe_reg2_enable    ; yes                    ;
; instr[10]                                           ; pipe_reg2_enable    ; yes                    ;
; instr[11]                                           ; pipe_reg2_enable    ; yes                    ;
; instr[12]                                           ; pipe_reg2_enable    ; yes                    ;
; instr[13]                                           ; pipe_reg2_enable    ; yes                    ;
; instr[14]                                           ; pipe_reg2_enable    ; yes                    ;
; instr[15]                                           ; pipe_reg2_enable    ; yes                    ;
; Number of user-specified and inferred latches = 56  ;                     ;                        ;
+-----------------------------------------------------+---------------------+------------------------+
Note: All latches listed above may not be present at the end of synthesis due to various synthesis optimizations.


+--------------------------------------------------------------------------------+
; Registers Removed During Synthesis                                             ;
+---------------------------------------+----------------------------------------+
; Register name                         ; Reason for Removal                     ;
+---------------------------------------+----------------------------------------+
; control[1,2]                          ; Merged with control[0]                 ;
; control[0]                            ; Stuck at GND due to stuck port data_in ;
; Total Number of Removed Registers = 3 ;                                        ;
+---------------------------------------+----------------------------------------+


+------------------------------------------------------+
; General Register Statistics                          ;
+----------------------------------------------+-------+
; Statistic                                    ; Value ;
+----------------------------------------------+-------+
; Total registers                              ; 67    ;
; Number of registers using Synchronous Clear  ; 0     ;
; Number of registers using Synchronous Load   ; 2     ;
; Number of registers using Asynchronous Clear ; 0     ;
; Number of registers using Asynchronous Load  ; 0     ;
; Number of registers using Clock Enable       ; 9     ;
; Number of registers using Preset             ; 0     ;
+----------------------------------------------+-------+


+------------------------------------------------------------------------------------------------------------------------------------------+
; Multiplexer Restructuring Statistics (Restructuring Performed)                                                                           ;
+--------------------+-----------+---------------+----------------------+------------------------+------------+----------------------------+
; Multiplexer Inputs ; Bus Width ; Baseline Area ; Area if Restructured ; Saving if Restructured ; Registered ; Example Multiplexer Output ;
+--------------------+-----------+---------------+----------------------+------------------------+------------+----------------------------+
; 16:1               ; 4 bits    ; 40 LEs        ; 16 LEs               ; 24 LEs                 ; Yes        ; |pipe_reg2|control[12]     ;
; 14:1               ; 3 bits    ; 27 LEs        ; 12 LEs               ; 15 LEs                 ; Yes        ; |pipe_reg2|control[7]      ;
; 12:1               ; 2 bits    ; 16 LEs        ; 8 LEs                ; 8 LEs                  ; Yes        ; |pipe_reg2|control[8]      ;
+--------------------+-----------+---------------+----------------------+------------------------+------------+----------------------------+


+-----------------------------------------------------+
; Post-Synthesis Netlist Statistics for Top Partition ;
+-----------------------+-----------------------------+
; Type                  ; Count                       ;
+-----------------------+-----------------------------+
; boundary_port         ; 129                         ;
; cycloneiii_ff         ; 67                          ;
;     ENA               ; 7                           ;
;     ENA SLD           ; 2                           ;
;     plain             ; 58                          ;
; cycloneiii_lcell_comb ; 71                          ;
;     normal            ; 71                          ;
;         0 data inputs ; 1                           ;
;         2 data inputs ; 2                           ;
;         3 data inputs ; 58                          ;
;         4 data inputs ; 10                          ;
;                       ;                             ;
; Max LUT depth         ; 2.00                        ;
; Average LUT depth     ; 0.76                        ;
+-----------------------+-----------------------------+


+-------------------------------+
; Elapsed Time Per Partition    ;
+----------------+--------------+
; Partition Name ; Elapsed Time ;
+----------------+--------------+
; Top            ; 00:00:00     ;
+----------------+--------------+


+-------------------------------+
; Analysis & Synthesis Messages ;
+-------------------------------+
Info: *******************************************************************
Info: Running Quartus Prime Analysis & Synthesis
    Info: Version 20.1.1 Build 720 11/11/2020 SJ Lite Edition
    Info: Processing started: Sat May 06 21:21:37 2023
Info: Command: quartus_map --read_settings_files=on --write_settings_files=off pipe_reg2 -c pipe_reg2
Warning (18236): Number of processors has not been specified which may cause overloading on shared machines.  Set the global assignment NUM_PARALLEL_PROCESSORS in your QSF to an appropriate value for best performance.
Info (20030): Parallel compilation is enabled and will use 4 of the 4 processors detected
Info (12021): Found 2 design units, including 1 entities, in source file pipe_reg2.vhd
    Info (12022): Found design unit 1: pipe_reg2-pipe2 File: D:/EE@IITB/Microprocessors/Project/Entities/Pipe_Registers/pipe_reg2/pipe_reg2.vhd Line: 25
    Info (12023): Found entity 1: pipe_reg2 File: D:/EE@IITB/Microprocessors/Project/Entities/Pipe_Registers/pipe_reg2/pipe_reg2.vhd Line: 5
Info (12127): Elaborating entity "pipe_reg2" for the top level hierarchy
Warning (10492): VHDL Process Statement warning at pipe_reg2.vhd(53): signal "ID_outp1" is read inside the Process Statement but isn't in the Process Statement's sensitivity list File: D:/EE@IITB/Microprocessors/Project/Entities/Pipe_Registers/pipe_reg2/pipe_reg2.vhd Line: 53
Warning (10492): VHDL Process Statement warning at pipe_reg2.vhd(54): signal "ID_outp2" is read inside the Process Statement but isn't in the Process Statement's sensitivity list File: D:/EE@IITB/Microprocessors/Project/Entities/Pipe_Registers/pipe_reg2/pipe_reg2.vhd Line: 54
Warning (10492): VHDL Process Statement warning at pipe_reg2.vhd(55): signal "ID_outp3" is read inside the Process Statement but isn't in the Process Statement's sensitivity list File: D:/EE@IITB/Microprocessors/Project/Entities/Pipe_Registers/pipe_reg2/pipe_reg2.vhd Line: 55
Warning (10492): VHDL Process Statement warning at pipe_reg2.vhd(56): signal "ID_outp4" is read inside the Process Statement but isn't in the Process Statement's sensitivity list File: D:/EE@IITB/Microprocessors/Project/Entities/Pipe_Registers/pipe_reg2/pipe_reg2.vhd Line: 56
Warning (10492): VHDL Process Statement warning at pipe_reg2.vhd(57): signal "ID_outp5" is read inside the Process Statement but isn't in the Process Statement's sensitivity list File: D:/EE@IITB/Microprocessors/Project/Entities/Pipe_Registers/pipe_reg2/pipe_reg2.vhd Line: 57
Warning (10492): VHDL Process Statement warning at pipe_reg2.vhd(58): signal "instr_ID_2" is read inside the Process Statement but isn't in the Process Statement's sensitivity list File: D:/EE@IITB/Microprocessors/Project/Entities/Pipe_Registers/pipe_reg2/pipe_reg2.vhd Line: 58
Warning (10492): VHDL Process Statement warning at pipe_reg2.vhd(59): signal "alu2_outp_2" is read inside the Process Statement but isn't in the Process Statement's sensitivity list File: D:/EE@IITB/Microprocessors/Project/Entities/Pipe_Registers/pipe_reg2/pipe_reg2.vhd Line: 59
Warning (10631): VHDL Process Statement warning at pipe_reg2.vhd(50): inferring latch(es) for signal or variable "ID_out1", which holds its previous value in one or more paths through the process File: D:/EE@IITB/Microprocessors/Project/Entities/Pipe_Registers/pipe_reg2/pipe_reg2.vhd Line: 50
Warning (10631): VHDL Process Statement warning at pipe_reg2.vhd(50): inferring latch(es) for signal or variable "ID_out2", which holds its previous value in one or more paths through the process File: D:/EE@IITB/Microprocessors/Project/Entities/Pipe_Registers/pipe_reg2/pipe_reg2.vhd Line: 50
Warning (10631): VHDL Process Statement warning at pipe_reg2.vhd(50): inferring latch(es) for signal or variable "ID_out3", which holds its previous value in one or more paths through the process File: D:/EE@IITB/Microprocessors/Project/Entities/Pipe_Registers/pipe_reg2/pipe_reg2.vhd Line: 50
Warning (10631): VHDL Process Statement warning at pipe_reg2.vhd(50): inferring latch(es) for signal or variable "ID_out4", which holds its previous value in one or more paths through the process File: D:/EE@IITB/Microprocessors/Project/Entities/Pipe_Registers/pipe_reg2/pipe_reg2.vhd Line: 50
Warning (10631): VHDL Process Statement warning at pipe_reg2.vhd(50): inferring latch(es) for signal or variable "ID_out5", which holds its previous value in one or more paths through the process File: D:/EE@IITB/Microprocessors/Project/Entities/Pipe_Registers/pipe_reg2/pipe_reg2.vhd Line: 50
Warning (10631): VHDL Process Statement warning at pipe_reg2.vhd(50): inferring latch(es) for signal or variable "instr", which holds its previous value in one or more paths through the process File: D:/EE@IITB/Microprocessors/Project/Entities/Pipe_Registers/pipe_reg2/pipe_reg2.vhd Line: 50
Warning (10631): VHDL Process Statement warning at pipe_reg2.vhd(50): inferring latch(es) for signal or variable "alu2_out", which holds its previous value in one or more paths through the process File: D:/EE@IITB/Microprocessors/Project/Entities/Pipe_Registers/pipe_reg2/pipe_reg2.vhd Line: 50
Info (10041): Inferred latch for "alu2_out[0]" at pipe_reg2.vhd(50) File: D:/EE@IITB/Microprocessors/Project/Entities/Pipe_Registers/pipe_reg2/pipe_reg2.vhd Line: 50
Info (10041): Inferred latch for "alu2_out[1]" at pipe_reg2.vhd(50) File: D:/EE@IITB/Microprocessors/Project/Entities/Pipe_Registers/pipe_reg2/pipe_reg2.vhd Line: 50
Info (10041): Inferred latch for "alu2_out[2]" at pipe_reg2.vhd(50) File: D:/EE@IITB/Microprocessors/Project/Entities/Pipe_Registers/pipe_reg2/pipe_reg2.vhd Line: 50
Info (10041): Inferred latch for "alu2_out[3]" at pipe_reg2.vhd(50) File: D:/EE@IITB/Microprocessors/Project/Entities/Pipe_Registers/pipe_reg2/pipe_reg2.vhd Line: 50
Info (10041): Inferred latch for "alu2_out[4]" at pipe_reg2.vhd(50) File: D:/EE@IITB/Microprocessors/Project/Entities/Pipe_Registers/pipe_reg2/pipe_reg2.vhd Line: 50
Info (10041): Inferred latch for "alu2_out[5]" at pipe_reg2.vhd(50) File: D:/EE@IITB/Microprocessors/Project/Entities/Pipe_Registers/pipe_reg2/pipe_reg2.vhd Line: 50
Info (10041): Inferred latch for "alu2_out[6]" at pipe_reg2.vhd(50) File: D:/EE@IITB/Microprocessors/Project/Entities/Pipe_Registers/pipe_reg2/pipe_reg2.vhd Line: 50
Info (10041): Inferred latch for "alu2_out[7]" at pipe_reg2.vhd(50) File: D:/EE@IITB/Microprocessors/Project/Entities/Pipe_Registers/pipe_reg2/pipe_reg2.vhd Line: 50
Info (10041): Inferred latch for "alu2_out[8]" at pipe_reg2.vhd(50) File: D:/EE@IITB/Microprocessors/Project/Entities/Pipe_Registers/pipe_reg2/pipe_reg2.vhd Line: 50
Info (10041): Inferred latch for "alu2_out[9]" at pipe_reg2.vhd(50) File: D:/EE@IITB/Microprocessors/Project/Entities/Pipe_Registers/pipe_reg2/pipe_reg2.vhd Line: 50
Info (10041): Inferred latch for "alu2_out[10]" at pipe_reg2.vhd(50) File: D:/EE@IITB/Microprocessors/Project/Entities/Pipe_Registers/pipe_reg2/pipe_reg2.vhd Line: 50
Info (10041): Inferred latch for "alu2_out[11]" at pipe_reg2.vhd(50) File: D:/EE@IITB/Microprocessors/Project/Entities/Pipe_Registers/pipe_reg2/pipe_reg2.vhd Line: 50
Info (10041): Inferred latch for "alu2_out[12]" at pipe_reg2.vhd(50) File: D:/EE@IITB/Microprocessors/Project/Entities/Pipe_Registers/pipe_reg2/pipe_reg2.vhd Line: 50
Info (10041): Inferred latch for "alu2_out[13]" at pipe_reg2.vhd(50) File: D:/EE@IITB/Microprocessors/Project/Entities/Pipe_Registers/pipe_reg2/pipe_reg2.vhd Line: 50
Info (10041): Inferred latch for "alu2_out[14]" at pipe_reg2.vhd(50) File: D:/EE@IITB/Microprocessors/Project/Entities/Pipe_Registers/pipe_reg2/pipe_reg2.vhd Line: 50
Info (10041): Inferred latch for "alu2_out[15]" at pipe_reg2.vhd(50) File: D:/EE@IITB/Microprocessors/Project/Entities/Pipe_Registers/pipe_reg2/pipe_reg2.vhd Line: 50
Info (10041): Inferred latch for "instr[0]" at pipe_reg2.vhd(50) File: D:/EE@IITB/Microprocessors/Project/Entities/Pipe_Registers/pipe_reg2/pipe_reg2.vhd Line: 50
Info (10041): Inferred latch for "instr[1]" at pipe_reg2.vhd(50) File: D:/EE@IITB/Microprocessors/Project/Entities/Pipe_Registers/pipe_reg2/pipe_reg2.vhd Line: 50
Info (10041): Inferred latch for "instr[2]" at pipe_reg2.vhd(50) File: D:/EE@IITB/Microprocessors/Project/Entities/Pipe_Registers/pipe_reg2/pipe_reg2.vhd Line: 50
Info (10041): Inferred latch for "instr[3]" at pipe_reg2.vhd(50) File: D:/EE@IITB/Microprocessors/Project/Entities/Pipe_Registers/pipe_reg2/pipe_reg2.vhd Line: 50
Info (10041): Inferred latch for "instr[4]" at pipe_reg2.vhd(50) File: D:/EE@IITB/Microprocessors/Project/Entities/Pipe_Registers/pipe_reg2/pipe_reg2.vhd Line: 50
Info (10041): Inferred latch for "instr[5]" at pipe_reg2.vhd(50) File: D:/EE@IITB/Microprocessors/Project/Entities/Pipe_Registers/pipe_reg2/pipe_reg2.vhd Line: 50
Info (10041): Inferred latch for "instr[6]" at pipe_reg2.vhd(50) File: D:/EE@IITB/Microprocessors/Project/Entities/Pipe_Registers/pipe_reg2/pipe_reg2.vhd Line: 50
Info (10041): Inferred latch for "instr[7]" at pipe_reg2.vhd(50) File: D:/EE@IITB/Microprocessors/Project/Entities/Pipe_Registers/pipe_reg2/pipe_reg2.vhd Line: 50
Info (10041): Inferred latch for "instr[8]" at pipe_reg2.vhd(50) File: D:/EE@IITB/Microprocessors/Project/Entities/Pipe_Registers/pipe_reg2/pipe_reg2.vhd Line: 50
Info (10041): Inferred latch for "instr[9]" at pipe_reg2.vhd(50) File: D:/EE@IITB/Microprocessors/Project/Entities/Pipe_Registers/pipe_reg2/pipe_reg2.vhd Line: 50
Info (10041): Inferred latch for "instr[10]" at pipe_reg2.vhd(50) File: D:/EE@IITB/Microprocessors/Project/Entities/Pipe_Registers/pipe_reg2/pipe_reg2.vhd Line: 50
Info (10041): Inferred latch for "instr[11]" at pipe_reg2.vhd(50) File: D:/EE@IITB/Microprocessors/Project/Entities/Pipe_Registers/pipe_reg2/pipe_reg2.vhd Line: 50
Info (10041): Inferred latch for "instr[12]" at pipe_reg2.vhd(50) File: D:/EE@IITB/Microprocessors/Project/Entities/Pipe_Registers/pipe_reg2/pipe_reg2.vhd Line: 50
Info (10041): Inferred latch for "instr[13]" at pipe_reg2.vhd(50) File: D:/EE@IITB/Microprocessors/Project/Entities/Pipe_Registers/pipe_reg2/pipe_reg2.vhd Line: 50
Info (10041): Inferred latch for "instr[14]" at pipe_reg2.vhd(50) File: D:/EE@IITB/Microprocessors/Project/Entities/Pipe_Registers/pipe_reg2/pipe_reg2.vhd Line: 50
Info (10041): Inferred latch for "instr[15]" at pipe_reg2.vhd(50) File: D:/EE@IITB/Microprocessors/Project/Entities/Pipe_Registers/pipe_reg2/pipe_reg2.vhd Line: 50
Info (10041): Inferred latch for "ID_out5[0]" at pipe_reg2.vhd(50) File: D:/EE@IITB/Microprocessors/Project/Entities/Pipe_Registers/pipe_reg2/pipe_reg2.vhd Line: 50
Info (10041): Inferred latch for "ID_out5[1]" at pipe_reg2.vhd(50) File: D:/EE@IITB/Microprocessors/Project/Entities/Pipe_Registers/pipe_reg2/pipe_reg2.vhd Line: 50
Info (10041): Inferred latch for "ID_out5[2]" at pipe_reg2.vhd(50) File: D:/EE@IITB/Microprocessors/Project/Entities/Pipe_Registers/pipe_reg2/pipe_reg2.vhd Line: 50
Info (10041): Inferred latch for "ID_out5[3]" at pipe_reg2.vhd(50) File: D:/EE@IITB/Microprocessors/Project/Entities/Pipe_Registers/pipe_reg2/pipe_reg2.vhd Line: 50
Info (10041): Inferred latch for "ID_out5[4]" at pipe_reg2.vhd(50) File: D:/EE@IITB/Microprocessors/Project/Entities/Pipe_Registers/pipe_reg2/pipe_reg2.vhd Line: 50
Info (10041): Inferred latch for "ID_out5[5]" at pipe_reg2.vhd(50) File: D:/EE@IITB/Microprocessors/Project/Entities/Pipe_Registers/pipe_reg2/pipe_reg2.vhd Line: 50
Info (10041): Inferred latch for "ID_out5[6]" at pipe_reg2.vhd(50) File: D:/EE@IITB/Microprocessors/Project/Entities/Pipe_Registers/pipe_reg2/pipe_reg2.vhd Line: 50
Info (10041): Inferred latch for "ID_out5[7]" at pipe_reg2.vhd(50) File: D:/EE@IITB/Microprocessors/Project/Entities/Pipe_Registers/pipe_reg2/pipe_reg2.vhd Line: 50
Info (10041): Inferred latch for "ID_out5[8]" at pipe_reg2.vhd(50) File: D:/EE@IITB/Microprocessors/Project/Entities/Pipe_Registers/pipe_reg2/pipe_reg2.vhd Line: 50
Info (10041): Inferred latch for "ID_out4[0]" at pipe_reg2.vhd(50) File: D:/EE@IITB/Microprocessors/Project/Entities/Pipe_Registers/pipe_reg2/pipe_reg2.vhd Line: 50
Info (10041): Inferred latch for "ID_out4[1]" at pipe_reg2.vhd(50) File: D:/EE@IITB/Microprocessors/Project/Entities/Pipe_Registers/pipe_reg2/pipe_reg2.vhd Line: 50
Info (10041): Inferred latch for "ID_out4[2]" at pipe_reg2.vhd(50) File: D:/EE@IITB/Microprocessors/Project/Entities/Pipe_Registers/pipe_reg2/pipe_reg2.vhd Line: 50
Info (10041): Inferred latch for "ID_out4[3]" at pipe_reg2.vhd(50) File: D:/EE@IITB/Microprocessors/Project/Entities/Pipe_Registers/pipe_reg2/pipe_reg2.vhd Line: 50
Info (10041): Inferred latch for "ID_out4[4]" at pipe_reg2.vhd(50) File: D:/EE@IITB/Microprocessors/Project/Entities/Pipe_Registers/pipe_reg2/pipe_reg2.vhd Line: 50
Info (10041): Inferred latch for "ID_out4[5]" at pipe_reg2.vhd(50) File: D:/EE@IITB/Microprocessors/Project/Entities/Pipe_Registers/pipe_reg2/pipe_reg2.vhd Line: 50
Info (10041): Inferred latch for "ID_out3[0]" at pipe_reg2.vhd(50) File: D:/EE@IITB/Microprocessors/Project/Entities/Pipe_Registers/pipe_reg2/pipe_reg2.vhd Line: 50
Info (10041): Inferred latch for "ID_out3[1]" at pipe_reg2.vhd(50) File: D:/EE@IITB/Microprocessors/Project/Entities/Pipe_Registers/pipe_reg2/pipe_reg2.vhd Line: 50
Info (10041): Inferred latch for "ID_out3[2]" at pipe_reg2.vhd(50) File: D:/EE@IITB/Microprocessors/Project/Entities/Pipe_Registers/pipe_reg2/pipe_reg2.vhd Line: 50
Info (10041): Inferred latch for "ID_out2[0]" at pipe_reg2.vhd(50) File: D:/EE@IITB/Microprocessors/Project/Entities/Pipe_Registers/pipe_reg2/pipe_reg2.vhd Line: 50
Info (10041): Inferred latch for "ID_out2[1]" at pipe_reg2.vhd(50) File: D:/EE@IITB/Microprocessors/Project/Entities/Pipe_Registers/pipe_reg2/pipe_reg2.vhd Line: 50
Info (10041): Inferred latch for "ID_out2[2]" at pipe_reg2.vhd(50) File: D:/EE@IITB/Microprocessors/Project/Entities/Pipe_Registers/pipe_reg2/pipe_reg2.vhd Line: 50
Info (10041): Inferred latch for "ID_out1[0]" at pipe_reg2.vhd(50) File: D:/EE@IITB/Microprocessors/Project/Entities/Pipe_Registers/pipe_reg2/pipe_reg2.vhd Line: 50
Info (10041): Inferred latch for "ID_out1[1]" at pipe_reg2.vhd(50) File: D:/EE@IITB/Microprocessors/Project/Entities/Pipe_Registers/pipe_reg2/pipe_reg2.vhd Line: 50
Info (10041): Inferred latch for "ID_out1[2]" at pipe_reg2.vhd(50) File: D:/EE@IITB/Microprocessors/Project/Entities/Pipe_Registers/pipe_reg2/pipe_reg2.vhd Line: 50
Warning (13024): Output pins are stuck at VCC or GND
    Warning (13410): Pin "shift_enable_11" is stuck at GND File: D:/EE@IITB/Microprocessors/Project/Entities/Pipe_Registers/pipe_reg2/pipe_reg2.vhd Line: 14
    Warning (13410): Pin "shift_enable_21" is stuck at GND File: D:/EE@IITB/Microprocessors/Project/Entities/Pipe_Registers/pipe_reg2/pipe_reg2.vhd Line: 14
    Warning (13410): Pin "cmp_en_1" is stuck at GND File: D:/EE@IITB/Microprocessors/Project/Entities/Pipe_Registers/pipe_reg2/pipe_reg2.vhd Line: 14
Info (286030): Timing-Driven Synthesis is running
Info (16010): Generating hard_block partition "hard_block:auto_generated_inst"
    Info (16011): Adding 0 node(s), including 0 DDIO, 0 PLL, 0 transceiver and 0 LCELL
Warning (21074): Design contains 1 input pin(s) that do not drive logic
    Warning (15610): No output dependent on input pin "RST" File: D:/EE@IITB/Microprocessors/Project/Entities/Pipe_Registers/pipe_reg2/pipe_reg2.vhd Line: 12
Info (21057): Implemented 256 device resources after synthesis - the final resource count might be different
    Info (21058): Implemented 59 input pins
    Info (21059): Implemented 70 output pins
    Info (21061): Implemented 127 logic cells
Info: Quartus Prime Analysis & Synthesis was successful. 0 errors, 21 warnings
    Info: Peak virtual memory: 4783 megabytes
    Info: Processing ended: Sat May 06 21:21:46 2023
    Info: Elapsed time: 00:00:09
    Info: Total CPU time (on all processors): 00:00:11


